// Jest Snapshot v1, https://goo.gl/fbAQLP

exports[`should render ExpenseList with empty message 1`] = `
<div>
  <h1>
    Expense List
  </h1>
  <p>
    No expenses found.
  </p>
</div>
`;

exports[`should render ExpenseList with expenses 1`] = `
<div>
  <h1>
    Expense List
  </h1>
  <ExpenseListItem
    amount={195}
    createdAt={0}
    description="Gum"
    id="1"
    key="1"
    note=""
  />
  <ExpenseListItem
    amount={455}
    createdAt={-345600000}
    description="Milk"
    id="2"
    key="2"
    note=""
  />
  <ExpenseListItem
    amount={295}
    createdAt={345600000}
    description="Water"
    id="3"
    key="3"
    note="aaaa"
  />
</div>
`;
